// Jest Snapshot v1, https://goo.gl/fbAQLP

exports[`<Button> DOM with all possible props and element child 1`] = `
<button
  aria-disabled={true}
  aria-expanded={false}
  aria-haspopup={true}
  className="bar"
  data-something-something="seven"
  disabled={true}
  id="foo"
  onClick={[Function]}
  onKeyDown={[Function]}
  role="button"
  style={
    Object {
      "top": 2,
    }
  }
  tabIndex=""
>
  <span>
    hooha
  </span>
</button>
`;

exports[`<Button> DOM with only required props and text child 1`] = `
<span
  aria-expanded={false}
  aria-haspopup={true}
  onClick={[Function]}
  onKeyDown={[Function]}
  role="button"
  tabIndex="0"
>
  foo
</span>
`;

exports[`<Button> rendered via renderToString does not throw 1`] = `"<div data-reactroot=\\"\\"><span role=\\"button\\" tabindex=\\"0\\" aria-haspopup=\\"true\\" aria-expanded=\\"false\\">foo</span></div>"`;
