// Jest Snapshot v1, https://goo.gl/fbAQLP

exports[`<Menu> closed Menu DOM with only required props and element child 1`] = `""`;

exports[`<Menu> closed menu DOM with all possible props and function child 1`] = `
<ul
  className="bar"
  data-something-something="seven"
  id="foo"
  onKeyDown={[Function]}
  role="menu"
  style={
    Object {
      "bottom": 1,
    }
  }
  tabIndex={-1}
>
  isOpen = false
</ul>
`;

exports[`<Menu> open Menu DOM with only required props and element child 1`] = `
<div
  onKeyDown={[Function]}
  role="menu"
  tabIndex={-1}
>
  <div>
    <div>
      foo
    </div>
  </div>
</div>
`;

exports[`<Menu> open menu DOM with all possible props and function child 1`] = `
<section
  className="foo"
  id="bar"
  onKeyDown={[Function]}
  role="menu"
  style={
    Object {
      "left": 1,
    }
  }
  tabIndex={-1}
>
  isOpen = true
</section>
`;

exports[`<Menu> rendered via renderToString does not throw 1`] = `"<div></div>"`;
